../src/hw/driver/can.c:129:6:canInit	16	static
../src/hw/driver/can.c:163:6:canLock	16	static
../src/hw/driver/can.c:169:6:canUnLock	4	static
../src/hw/driver/can.c:174:6:canOpen	40	static
../src/hw/driver/can.c:258:6:canIsOpen	16	static
../src/hw/driver/can.c:265:6:canClose	16	static
../src/hw/driver/can.c:277:6:canGetInfo	16	static
../src/hw/driver/can.c:289:10:canGetDlc	24	static
../src/hw/driver/can.c:315:9:canGetLen	16	static
../src/hw/driver/can.c:320:6:canConfigFilter	72	static
../src/hw/driver/can.c:377:10:canMsgAvailable	16	static
../src/hw/driver/can.c:384:6:canMsgInit	16	static
../src/hw/driver/can.c:393:6:canMsgWrite	64	static
../src/hw/driver/can.c:458:6:canMsgRead	24	static
../src/hw/driver/can.c:470:10:canGetRxErrCount	24	static
../src/hw/driver/can.c:481:10:canGetTxErrCount	24	static
../src/hw/driver/can.c:492:10:canGetError	16	static
../src/hw/driver/can.c:499:10:canGetRxCount	16	static
../src/hw/driver/can.c:506:10:canGetTxCount	16	static
../src/hw/driver/can.c:513:10:canGetState	16	static
../src/hw/driver/can.c:520:6:canAttachRxInterrupt	16	static
../src/hw/driver/can.c:527:6:canDetachRxInterrupt	16	static
../src/hw/driver/can.c:534:6:canRecovery	16	static
../src/hw/driver/can.c:547:6:canIsRecoveryFail	16	static
../src/hw/driver/can.c:552:6:canUpdate	24	static
../src/hw/driver/can.c:608:6:canRxFifoCallback	48	static
../src/hw/driver/can.c:650:6:canErrClear	16	static
../src/hw/driver/can.c:657:6:canErrPrint	24	static
../src/hw/driver/can.c:676:6:canErrUpdate	24	static
../src/hw/driver/can.c:730:6:canInfoPrint	24	static
../src/hw/driver/can.c:838:6:canErrorCallback	16	static
../src/hw/driver/can.c:845:6:HAL_CAN_ErrorCallback	24	static
../src/hw/driver/can.c:859:6:HAL_CAN_RxFifo0MsgPendingCallback	24	static
../src/hw/driver/can.c:871:6:cliCan	216	static
